// Jest Snapshot v1, https://goo.gl/fbAQLP

exports[`Calculator renders correctly 1`] = `
<div>
  <div
    class="calc-wrapper"
  >
    <p>
      Let‘s do some Maths!
    </p>
    <div
      class="calc-container"
    >
      <form>
        <input
          class="output-field"
          placeholder="0"
          readonly=""
          type="text"
          value=""
        />
      </form>
      <div
        class="button-container"
      >
        <button
          class="calc-panel"
          type="button"
        >
          AC
        </button>
        <button
          class="calc-panel"
          type="button"
        >
          +/-
        </button>
        <button
          class="calc-panel"
          type="button"
        >
          %
        </button>
        <button
          class="oper-right"
          type="button"
        >
          ÷
        </button>
        <button
          class="calc-panel"
          type="button"
        >
          7
        </button>
        <button
          class="calc-panel"
          type="button"
        >
          8
        </button>
        <button
          class="calc-panel"
          type="button"
        >
          9
        </button>
        <button
          class="oper-right"
          type="button"
        >
          x
        </button>
        <button
          class="calc-panel"
          type="button"
        >
          4
        </button>
        <button
          class="calc-panel"
          type="button"
        >
          5
        </button>
        <button
          class="calc-panel"
          type="button"
        >
          6
        </button>
        <button
          class="oper-right"
          type="button"
        >
          -
        </button>
        <button
          class="calc-panel"
          type="button"
        >
          1
        </button>
        <button
          class="calc-panel"
          type="button"
        >
          2
        </button>
        <button
          class="calc-panel"
          type="button"
        >
          3
        </button>
        <button
          class="oper-right"
          type="button"
        >
          +
        </button>
        <button
          class="zero"
          type="button"
        >
          0
        </button>
        <button
          class="calc-panel"
          type="button"
        >
          .
        </button>
        <button
          class="oper-right"
          type="button"
        >
          =
        </button>
      </div>
    </div>
  </div>
</div>
`;
