// Jest Snapshot v1, https://goo.gl/fbAQLP

exports[`Home component renders correctly 1`] = `
<div
  className="home-container"
>
  <h1>
    Welcome to our page!
  </h1>
  <p>
    Lorem ipsum dolor sit amet, consectetur adipiscing elit. Donec aliquet dolor libero, eget luctus felis consectetur eget. In mollis dignissim sapien, eget euismod magna suscipit eget. Lorem ipsum dolor sit amet, consectetur adipiscing elit. Donec aliquet dolor libero, eget luctus felis consectetur eget.
  </p>
</div>
`;
